{"all":true,"each":[true,true,true,true,true,true,true,true,true,true,false,false,false]}
{"all":true,"each":[true,true,true,true,true,true,true,false,false,false,true,true,true]}
