0.0
7.493312642
12.614370478
16.824526615
20.497558187
23.802718544
26.834631669
29.652818829
32.297705166
34.798277838
37.176183567
39.448106164
41.627233947
43.724210709